// Jest Snapshot v1, https://goo.gl/fbAQLP

exports[`Text renders correctly 1`] = `
<Text
  color="secondary2"
  fontSize={1}
  fontWeight={1}
  style={
    [
      {
        "color": "#555B6E",
        "fontSize": 12,
        "fontWeight": "500",
      },
    ]
  }
>
  TEXT
</Text>
`;
